Server loading CASTING dataset...
Loaded casting dataset. Train size: 2298, Test size: 576
Classes found: ['def_front', 'ok_front']
Server-side evaluation round 0 complete.
[Mitigation] Decrypting client updates.
[Attack] Attempting reconstruction for 'image' data using 'ggl' method.
Iteration 0/8000, Grad Loss: 3.3739
Iteration 500/8000, Grad Loss: 2.8225
Iteration 1000/8000, Grad Loss: 2.5782
Iteration 1500/8000, Grad Loss: 2.4787
Iteration 2000/8000, Grad Loss: 2.4502
Iteration 2500/8000, Grad Loss: 2.4433
Iteration 3000/8000, Grad Loss: 2.4530
Iteration 3500/8000, Grad Loss: 2.4574
Iteration 4000/8000, Grad Loss: 2.4554
Iteration 4500/8000, Grad Loss: 2.4419
Iteration 5000/8000, Grad Loss: 2.4403
Iteration 5500/8000, Grad Loss: 2.4389
Iteration 6000/8000, Grad Loss: 2.4352
Iteration 6500/8000, Grad Loss: 2.4339
Iteration 7000/8000, Grad Loss: 2.4362
Iteration 7500/8000, Grad Loss: 2.4350

--- Image Reconstruction Quality Metrics ---
  MSE (↓ is better):      0.1874
  PSNR (↑ is better):     6.78 dB
  SSIM (↑ is better):     0.1299
  Cosine Sim (↑ is better):0.8126
  RDLV (↑ is better):     0.1253
------------------------------------------
[Attack] Saved image comparison grid to reconstructions/comparison_client1_round1.png

[Round Metrics]
Avg. Client Fit Time: 9.0102 seconds
Server-side evaluation round 1 complete.

[Round Metrics]
  Normal Accuracy: 87.15%
[Mitigation] Decrypting client updates.
[Attack] Attempting reconstruction for 'image' data using 'ggl' method.
Iteration 0/8000, Grad Loss: 69.2307
Iteration 500/8000, Grad Loss: 69.2043
Iteration 1000/8000, Grad Loss: 69.1986
Iteration 1500/8000, Grad Loss: 69.2019
Iteration 2000/8000, Grad Loss: 69.1996
Iteration 2500/8000, Grad Loss: 69.1800
Iteration 3000/8000, Grad Loss: 69.1798
Iteration 3500/8000, Grad Loss: 69.1773
Iteration 4000/8000, Grad Loss: 69.1728
Iteration 4500/8000, Grad Loss: 69.1656
Iteration 5000/8000, Grad Loss: 69.1602
Iteration 5500/8000, Grad Loss: 69.1524
Iteration 6000/8000, Grad Loss: 69.1481
Iteration 6500/8000, Grad Loss: 69.1507
Iteration 7000/8000, Grad Loss: 69.1553
Iteration 7500/8000, Grad Loss: 69.1533

--- Image Reconstruction Quality Metrics ---
  MSE (↓ is better):      0.1577
  PSNR (↑ is better):     7.53 dB
  SSIM (↑ is better):     0.1218
  Cosine Sim (↑ is better):0.8009
  RDLV (↑ is better):     0.1160
------------------------------------------
[Attack] Saved image comparison grid to reconstructions/comparison_client1_round2.png

[Round Metrics]
Avg. Client Fit Time: 8.9430 seconds
Server-side evaluation round 2 complete.

[Round Metrics]
  Normal Accuracy: 89.93%
[Mitigation] Decrypting client updates.
[Attack] Attempting reconstruction for 'image' data using 'ggl' method.
Iteration 0/8000, Grad Loss: 115.1079
Iteration 500/8000, Grad Loss: 114.3281
Iteration 1000/8000, Grad Loss: 114.0861
Iteration 1500/8000, Grad Loss: 114.0484
Iteration 2000/8000, Grad Loss: 114.0427
Iteration 2500/8000, Grad Loss: 114.0440
Iteration 3000/8000, Grad Loss: 114.0436
Iteration 3500/8000, Grad Loss: 114.0435
Iteration 4000/8000, Grad Loss: 114.0436
Iteration 4500/8000, Grad Loss: 114.0434
Iteration 5000/8000, Grad Loss: 114.0421
Iteration 5500/8000, Grad Loss: 114.0397
Iteration 6000/8000, Grad Loss: 114.0415
Iteration 6500/8000, Grad Loss: 114.0403
Iteration 7000/8000, Grad Loss: 114.0342
Iteration 7500/8000, Grad Loss: 114.0335

--- Image Reconstruction Quality Metrics ---
  MSE (↓ is better):      0.0784
  PSNR (↑ is better):     10.75 dB
  SSIM (↑ is better):     0.2656
  Cosine Sim (↑ is better):0.9226
  RDLV (↑ is better):     0.2558
------------------------------------------
[Attack] Saved image comparison grid to reconstructions/comparison_client1_round3.png

[Round Metrics]
Avg. Client Fit Time: 8.9908 seconds
Server-side evaluation round 3 complete.

[Round Metrics]
  Normal Accuracy: 90.80%
[Mitigation] Decrypting client updates.
[Attack] Attempting reconstruction for 'image' data using 'ggl' method.
Iteration 0/8000, Grad Loss: 10388.8135
Iteration 500/8000, Grad Loss: 10387.8232
Iteration 1000/8000, Grad Loss: 10387.6436
Iteration 1500/8000, Grad Loss: 10387.8252
Iteration 2000/8000, Grad Loss: 10387.8857
Iteration 2500/8000, Grad Loss: 10387.8477
Iteration 3000/8000, Grad Loss: 10387.8545
Iteration 3500/8000, Grad Loss: 10387.8174
Iteration 4000/8000, Grad Loss: 10387.4668
Iteration 4500/8000, Grad Loss: 10387.6982
Iteration 5000/8000, Grad Loss: 10387.8740
Iteration 5500/8000, Grad Loss: 10387.5918
Iteration 6000/8000, Grad Loss: 10386.9473
Iteration 6500/8000, Grad Loss: 10386.7236
Iteration 7000/8000, Grad Loss: 10386.5703
Iteration 7500/8000, Grad Loss: 10386.1055

--- Image Reconstruction Quality Metrics ---
  MSE (↓ is better):      0.0979
  PSNR (↑ is better):     9.42 dB
  SSIM (↑ is better):     0.1532
  Cosine Sim (↑ is better):0.8851
  RDLV (↑ is better):     0.1432
------------------------------------------
[Attack] Saved image comparison grid to reconstructions/comparison_client1_round4.png

[Round Metrics]
Avg. Client Fit Time: 9.0417 seconds
Server-side evaluation round 4 complete.

[Round Metrics]
  Normal Accuracy: 91.32%
[Mitigation] Decrypting client updates.
[Attack] Attempting reconstruction for 'image' data using 'ggl' method.
Iteration 0/8000, Grad Loss: 1.8072
Iteration 500/8000, Grad Loss: 1.0156
Iteration 1000/8000, Grad Loss: 0.5470
Iteration 1500/8000, Grad Loss: 0.2601
Iteration 2000/8000, Grad Loss: 0.1246
Iteration 2500/8000, Grad Loss: 0.0813
Iteration 3000/8000, Grad Loss: 0.0724
Iteration 3500/8000, Grad Loss: 0.0714
Iteration 4000/8000, Grad Loss: 0.0713
Iteration 4500/8000, Grad Loss: 0.0713
Iteration 5000/8000, Grad Loss: 0.0713
Iteration 5500/8000, Grad Loss: 0.0713
Iteration 6000/8000, Grad Loss: 0.0713
Iteration 6500/8000, Grad Loss: 0.0713
Iteration 7000/8000, Grad Loss: 0.0713
Iteration 7500/8000, Grad Loss: 0.0713

--- Image Reconstruction Quality Metrics ---
  MSE (↓ is better):      0.0712
  PSNR (↑ is better):     11.06 dB
  SSIM (↑ is better):     0.3058
  Cosine Sim (↑ is better):0.9383
  RDLV (↑ is better):     0.2973
------------------------------------------
[Attack] Saved image comparison grid to reconstructions/comparison_client1_round5.png

[Round Metrics]
Avg. Client Fit Time: 9.0432 seconds
Server-side evaluation round 5 complete.

[Round Metrics]
  Normal Accuracy: 93.23%
